#
# There is insufficient memory for the Java Runtime Environment to continue.
# Native memory allocation (malloc) failed to allocate 32744 bytes. Error detail: Chunk::new
# Possible reasons:
#   The system is out of physical RAM or swap space
#   This process is running with CompressedOops enabled, and the Java Heap may be blocking the growth of the native heap
# Possible solutions:
#   Reduce memory load on the system
#   Increase physical memory or swap space
#   Check if swap backing store is full
#   Decrease Java heap size (-Xmx/-Xms)
#   Decrease number of Java threads
#   Decrease Java thread stack sizes (-Xss)
#   Set larger code cache with -XX:ReservedCodeCacheSize=
#   JVM is running with Unscaled Compressed Oops mode in which the Java heap is
#     placed in the first 4GB address space. The Java Heap base address is the
#     maximum limit for the native heap growth. Please use -XX:HeapBaseMinAddress
#     to set the Java Heap base and to place the Java Heap above 4GB virtual address.
# This output file may be truncated or incomplete.
#
#  Out of Memory Error (arena.cpp:168), pid=11392, tid=17768
#
# JRE version: OpenJDK Runtime Environment Temurin-21.0.11+10 (21.0.11+10) (build 21.0.11+10-LTS)
# Java VM: OpenJDK 64-Bit Server VM Temurin-21.0.11+10 (21.0.11+10-LTS, mixed mode, sharing, tiered, compressed oops, compressed class ptrs, g1 gc, windows-amd64)
# No core dump will be written. Minidumps are not enabled by default on client versions of Windows
#

---------------  S U M M A R Y ------------

Command Line: -XX:+ShowCodeDetailsInExceptionMessages com.PayMyBuddy.pay_my_buddy.PayMyBuddyApplication

Host: AMD Ryzen 5 3500U with Radeon Vega Mobile Gfx  , 8 cores, 7G,  Windows 11 , 64 bit Build 26100 (10.0.26100.8521)
Time: Thu Jun 25 12:36:52 2026 elapsed time: 0.946806 seconds (0d 0h 0m 0s)

---------------  T H R E A D  ---------------

Current thread (0x0000024ac942a640):  JavaThread "C1 CompilerThread0" daemon [_thread_in_native, id=17768, stack(0x00000074e3500000,0x00000074e3600000) (1024K)]


Current CompileTask:
C1:947  780       3       java.net.URLStreamHandler::parseURL (1124 bytes)

Stack: [0x00000074e3500000,0x00000074e3600000]
Native frames: (J=compiled Java code, j=interpreted, Vv=VM code, C=native code)
V  [jvm.dll+0x6d7e19]
V  [jvm.dll+0x8b5096]
V  [jvm.dll+0x8b764e]
V  [jvm.dll+0x8b7d33]
V  [jvm.dll+0x284596]
V  [jvm.dll+0xc685d]
V  [jvm.dll+0xc6da1]
V  [jvm.dll+0x14195e]
V  [jvm.dll+0x140c17]
V  [jvm.dll+0x19be1d]
V  [jvm.dll+0x19c8a6]
V  [jvm.dll+0x157515]
V  [jvm.dll+0x156db7]
V  [jvm.dll+0x156fe4]
V  [jvm.dll+0x1563fc]
V  [jvm.dll+0x15818d]
V  [jvm.dll+0x25baad]
V  [jvm.dll+0x25a03a]
V  [jvm.dll+0x3f868e]
V  [jvm.dll+0x85fb0d]
V  [jvm.dll+0x6d664d]
C  [ucrtbase.dll+0x2cd30]
C  [KERNEL32.DLL+0x2e957]
C  [ntdll.dll+0x87c1c]


---------------  P R O C E S S  ---------------

Threads class SMR info:
_java_thread_list=0x0000024ac954c0c0, length=12, elements={
0x0000024aaa69d8b0, 0x0000024ac940ee90, 0x0000024ac9412d10, 0x0000024ac9416530,
0x0000024ac9419870, 0x0000024ac941c280, 0x0000024ac941e1d0, 0x0000024ac9425560,
0x0000024ac942a640, 0x0000024ac956ea20, 0x0000024ac9577e40, 0x0000024ac961e2a0
}

Java Threads: ( => current thread )
  0x0000024aaa69d8b0 JavaThread "main"                              [_thread_in_vm, id=19796, stack(0x00000074e2600000,0x00000074e2700000) (1024K)]
  0x0000024ac940ee90 JavaThread "Reference Handler"          daemon [_thread_blocked, id=23592, stack(0x00000074e2e00000,0x00000074e2f00000) (1024K)]
  0x0000024ac9412d10 JavaThread "Finalizer"                  daemon [_thread_blocked, id=27776, stack(0x00000074e2f00000,0x00000074e3000000) (1024K)]
  0x0000024ac9416530 JavaThread "Signal Dispatcher"          daemon [_thread_blocked, id=21972, stack(0x00000074e3000000,0x00000074e3100000) (1024K)]
  0x0000024ac9419870 JavaThread "Attach Listener"            daemon [_thread_blocked, id=3344, stack(0x00000074e3100000,0x00000074e3200000) (1024K)]
  0x0000024ac941c280 JavaThread "Service Thread"             daemon [_thread_blocked, id=1488, stack(0x00000074e3200000,0x00000074e3300000) (1024K)]
  0x0000024ac941e1d0 JavaThread "Monitor Deflation Thread"   daemon [_thread_blocked, id=28504, stack(0x00000074e3300000,0x00000074e3400000) (1024K)]
  0x0000024ac9425560 JavaThread "C2 CompilerThread0"         daemon [_thread_blocked, id=12492, stack(0x00000074e3400000,0x00000074e3500000) (1024K)]
=>0x0000024ac942a640 JavaThread "C1 CompilerThread0"         daemon [_thread_in_native, id=17768, stack(0x00000074e3500000,0x00000074e3600000) (1024K)]
  0x0000024ac956ea20 JavaThread "Notification Thread"        daemon [_thread_blocked, id=13884, stack(0x00000074e3600000,0x00000074e3700000) (1024K)]
  0x0000024ac9577e40 JavaThread "Common-Cleaner"             daemon [_thread_blocked, id=732, stack(0x00000074e3700000,0x00000074e3800000) (1024K)]
  0x0000024ac961e2a0 JavaThread "C2 CompilerThread1"         daemon [_thread_blocked, id=3512, stack(0x00000074e3800000,0x00000074e3900000) (1024K)]
Total: 12

Other Threads:
  0x0000024ac93f3920 VMThread "VM Thread"                           [id=26564, stack(0x00000074e2d00000,0x00000074e2e00000) (1024K)]
  0x0000024ac93db590 WatcherThread "VM Periodic Task Thread"        [id=13536, stack(0x00000074e2c00000,0x00000074e2d00000) (1024K)]
  0x0000024aac951210 WorkerThread "GC Thread#0"                     [id=24264, stack(0x00000074e2700000,0x00000074e2800000) (1024K)]
  0x0000024aac962790 ConcurrentGCThread "G1 Main Marker"            [id=26816, stack(0x00000074e2800000,0x00000074e2900000) (1024K)]
  0x0000024aac963a40 WorkerThread "G1 Conc#0"                       [id=6756, stack(0x00000074e2900000,0x00000074e2a00000) (1024K)]
  0x0000024ac92a61b0 ConcurrentGCThread "G1 Refine#0"               [id=22180, stack(0x00000074e2a00000,0x00000074e2b00000) (1024K)]
  0x0000024ac92a9a00 ConcurrentGCThread "G1 Service"                [id=22960, stack(0x00000074e2b00000,0x00000074e2c00000) (1024K)]
Total: 7

Threads with active compile tasks:
C1 CompilerThread0  1027  780       3       java.net.URLStreamHandler::parseURL (1124 bytes)
Total: 1

VM state: not at safepoint (normal execution)

VM Mutex/Monitor currently owned by a thread: None

Heap address: 0x0000000084e00000, size: 1970 MB, Compressed Oops mode: 32-bit

CDS archive(s) mapped at: [0x0000024aca000000-0x0000024acac80000-0x0000024acac80000), size 13107200, SharedBaseAddress: 0x0000024aca000000, ArchiveRelocationMode: 1.
Compressed class space mapped at: 0x0000024acb000000-0x0000024b0b000000, reserved size: 1073741824
Narrow klass base: 0x0000024aca000000, Narrow klass shift: 0, Narrow klass range: 0x100000000

GC Precious Log:
 CardTable entry size: 512
 Card Set container configuration: InlinePtr #cards 5 size 8 Array Of Cards #cards 12 size 40 Howl #buckets 4 coarsen threshold 1843 Howl Bitmap #cards 512 size 80 coarsen threshold 460 Card regions per heap region 1 cards per card region 2048
 CPUs: 8 total, 8 available
 Memory: 7872M
 Large Page Support: Disabled
 NUMA Support: Disabled
 Compressed Oops: Enabled (32-bit)
 Heap Region Size: 1M
 Heap Min Capacity: 8M
 Heap Initial Capacity: 124M
 Heap Max Capacity: 1970M
 Pre-touch: Disabled
 Parallel Workers: 8
 Concurrent Workers: 2
 Concurrent Refinement Workers: 8
 Periodic GC: Disabled

Heap:
 garbage-first heap   total 126976K, used 14336K [0x0000000084e00000, 0x0000000100000000)
  region size 1024K, 14 young (14336K), 0 survivors (0K)
 Metaspace       used 3541K, committed 3648K, reserved 1114112K
  class space    used 384K, committed 448K, reserved 1048576K

Heap Regions: E=young(eden), S=young(survivor), O=old, HS=humongous(starts), HC=humongous(continues), CS=collection set, F=free, TAMS=top-at-mark-start, PB=parsable bottom
|   0|0x0000000084e00000, 0x0000000084f00000, 0x0000000084f00000|100%|HS|  |TAMS 0x0000000084e00000| PB 0x0000000084e00000| Complete 
|   1|0x0000000084f00000, 0x0000000084f00000, 0x0000000085000000|  0%| F|  |TAMS 0x0000000084f00000| PB 0x0000000084f00000| Untracked 
|   2|0x0000000085000000, 0x0000000085000000, 0x0000000085100000|  0%| F|  |TAMS 0x0000000085000000| PB 0x0000000085000000| Untracked 
|   3|0x0000000085100000, 0x0000000085100000, 0x0000000085200000|  0%| F|  |TAMS 0x0000000085100000| PB 0x0000000085100000| Untracked 
|   4|0x0000000085200000, 0x0000000085200000, 0x0000000085300000|  0%| F|  |TAMS 0x0000000085200000| PB 0x0000000085200000| Untracked 
|   5|0x0000000085300000, 0x0000000085300000, 0x0000000085400000|  0%| F|  |TAMS 0x0000000085300000| PB 0x0000000085300000| Untracked 
|   6|0x0000000085400000, 0x0000000085400000, 0x0000000085500000|  0%| F|  |TAMS 0x0000000085400000| PB 0x0000000085400000| Untracked 
|   7|0x0000000085500000, 0x0000000085500000, 0x0000000085600000|  0%| F|  |TAMS 0x0000000085500000| PB 0x0000000085500000| Untracked 
|   8|0x0000000085600000, 0x0000000085600000, 0x0000000085700000|  0%| F|  |TAMS 0x0000000085600000| PB 0x0000000085600000| Untracked 
|   9|0x0000000085700000, 0x0000000085700000, 0x0000000085800000|  0%| F|  |TAMS 0x0000000085700000| PB 0x0000000085700000| Untracked 
|  10|0x0000000085800000, 0x0000000085800000, 0x0000000085900000|  0%| F|  |TAMS 0x0000000085800000| PB 0x0000000085800000| Untracked 
|  11|0x0000000085900000, 0x0000000085900000, 0x0000000085a00000|  0%| F|  |TAMS 0x0000000085900000| PB 0x0000000085900000| Untracked 
|  12|0x0000000085a00000, 0x0000000085a00000, 0x0000000085b00000|  0%| F|  |TAMS 0x0000000085a00000| PB 0x0000000085a00000| Untracked 
|  13|0x0000000085b00000, 0x0000000085b00000, 0x0000000085c00000|  0%| F|  |TAMS 0x0000000085b00000| PB 0x0000000085b00000| Untracked 
|  14|0x0000000085c00000, 0x0000000085c00000, 0x0000000085d00000|  0%| F|  |TAMS 0x0000000085c00000| PB 0x0000000085c00000| Untracked 
|  15|0x0000000085d00000, 0x0000000085d00000, 0x0000000085e00000|  0%| F|  |TAMS 0x0000000085d00000| PB 0x0000000085d00000| Untracked 
|  16|0x0000000085e00000, 0x0000000085e00000, 0x0000000085f00000|  0%| F|  |TAMS 0x0000000085e00000| PB 0x0000000085e00000| Untracked 
|  17|0x0000000085f00000, 0x0000000085f00000, 0x0000000086000000|  0%| F|  |TAMS 0x0000000085f00000| PB 0x0000000085f00000| Untracked 
|  18|0x0000000086000000, 0x0000000086000000, 0x0000000086100000|  0%| F|  |TAMS 0x0000000086000000| PB 0x0000000086000000| Untracked 
|  19|0x0000000086100000, 0x0000000086100000, 0x0000000086200000|  0%| F|  |TAMS 0x0000000086100000| PB 0x0000000086100000| Untracked 
|  20|0x0000000086200000, 0x0000000086200000, 0x0000000086300000|  0%| F|  |TAMS 0x0000000086200000| PB 0x0000000086200000| Untracked 
|  21|0x0000000086300000, 0x0000000086300000, 0x0000000086400000|  0%| F|  |TAMS 0x0000000086300000| PB 0x0000000086300000| Untracked 
|  22|0x0000000086400000, 0x0000000086400000, 0x0000000086500000|  0%| F|  |TAMS 0x0000000086400000| PB 0x0000000086400000| Untracked 
|  23|0x0000000086500000, 0x0000000086500000, 0x0000000086600000|  0%| F|  |TAMS 0x0000000086500000| PB 0x0000000086500000| Untracked 
|  24|0x0000000086600000, 0x0000000086600000, 0x0000000086700000|  0%| F|  |TAMS 0x0000000086600000| PB 0x0000000086600000| Untracked 
|  25|0x0000000086700000, 0x0000000086700000, 0x0000000086800000|  0%| F|  |TAMS 0x0000000086700000| PB 0x0000000086700000| Untracked 
|  26|0x0000000086800000, 0x0000000086800000, 0x0000000086900000|  0%| F|  |TAMS 0x0000000086800000| PB 0x0000000086800000| Untracked 
|  27|0x0000000086900000, 0x0000000086900000, 0x0000000086a00000|  0%| F|  |TAMS 0x0000000086900000| PB 0x0000000086900000| Untracked 
|  28|0x0000000086a00000, 0x0000000086a00000, 0x0000000086b00000|  0%| F|  |TAMS 0x0000000086a00000| PB 0x0000000086a00000| Untracked 
|  29|0x0000000086b00000, 0x0000000086b00000, 0x0000000086c00000|  0%| F|  |TAMS 0x0000000086b00000| PB 0x0000000086b00000| Untracked 
|  30|0x0000000086c00000, 0x0000000086c00000, 0x0000000086d00000|  0%| F|  |TAMS 0x0000000086c00000| PB 0x0000000086c00000| Untracked 
|  31|0x0000000086d00000, 0x0000000086d00000, 0x0000000086e00000|  0%| F|  |TAMS 0x0000000086d00000| PB 0x0000000086d00000| Untracked 
|  32|0x0000000086e00000, 0x0000000086e00000, 0x0000000086f00000|  0%| F|  |TAMS 0x0000000086e00000| PB 0x0000000086e00000| Untracked 
|  33|0x0000000086f00000, 0x0000000086f00000, 0x0000000087000000|  0%| F|  |TAMS 0x0000000086f00000| PB 0x0000000086f00000| Untracked 
|  34|0x0000000087000000, 0x0000000087000000, 0x0000000087100000|  0%| F|  |TAMS 0x0000000087000000| PB 0x0000000087000000| Untracked 
|  35|0x0000000087100000, 0x0000000087100000, 0x0000000087200000|  0%| F|  |TAMS 0x0000000087100000| PB 0x0000000087100000| Untracked 
|  36|0x0000000087200000, 0x0000000087200000, 0x0000000087300000|  0%| F|  |TAMS 0x0000000087200000| PB 0x0000000087200000| Untracked 
|  37|0x0000000087300000, 0x0000000087300000, 0x0000000087400000|  0%| F|  |TAMS 0x0000000087300000| PB 0x0000000087300000| Untracked 
|  38|0x0000000087400000, 0x0000000087400000, 0x0000000087500000|  0%| F|  |TAMS 0x0000000087400000| PB 0x0000000087400000| Untracked 
|  39|0x0000000087500000, 0x0000000087500000, 0x0000000087600000|  0%| F|  |TAMS 0x0000000087500000| PB 0x0000000087500000| Untracked 
|  40|0x0000000087600000, 0x0000000087600000, 0x0000000087700000|  0%| F|  |TAMS 0x0000000087600000| PB 0x0000000087600000| Untracked 
|  41|0x0000000087700000, 0x0000000087700000, 0x0000000087800000|  0%| F|  |TAMS 0x0000000087700000| PB 0x0000000087700000| Untracked 
|  42|0x0000000087800000, 0x0000000087800000, 0x0000000087900000|  0%| F|  |TAMS 0x0000000087800000| PB 0x0000000087800000| Untracked 
|  43|0x0000000087900000, 0x0000000087900000, 0x0000000087a00000|  0%| F|  |TAMS 0x0000000087900000| PB 0x0000000087900000| Untracked 
|  44|0x0000000087a00000, 0x0000000087a00000, 0x0000000087b00000|  0%| F|  |TAMS 0x0000000087a00000| PB 0x0000000087a00000| Untracked 
|  45|0x0000000087b00000, 0x0000000087b00000, 0x0000000087c00000|  0%| F|  |TAMS 0x0000000087b00000| PB 0x0000000087b00000| Untracked 
|  46|0x0000000087c00000, 0x0000000087c00000, 0x0000000087d00000|  0%| F|  |TAMS 0x0000000087c00000| PB 0x0000000087c00000| Untracked 
|  47|0x0000000087d00000, 0x0000000087d00000, 0x0000000087e00000|  0%| F|  |TAMS 0x0000000087d00000| PB 0x0000000087d00000| Untracked 
|  48|0x0000000087e00000, 0x0000000087e00000, 0x0000000087f00000|  0%| F|  |TAMS 0x0000000087e00000| PB 0x0000000087e00000| Untracked 
|  49|0x0000000087f00000, 0x0000000087f00000, 0x0000000088000000|  0%| F|  |TAMS 0x0000000087f00000| PB 0x0000000087f00000| Untracked 
|  50|0x0000000088000000, 0x0000000088000000, 0x0000000088100000|  0%| F|  |TAMS 0x0000000088000000| PB 0x0000000088000000| Untracked 
|  51|0x0000000088100000, 0x0000000088100000, 0x0000000088200000|  0%| F|  |TAMS 0x0000000088100000| PB 0x0000000088100000| Untracked 
|  52|0x0000000088200000, 0x0000000088200000, 0x0000000088300000|  0%| F|  |TAMS 0x0000000088200000| PB 0x0000000088200000| Untracked 
|  53|0x0000000088300000, 0x0000000088300000, 0x0000000088400000|  0%| F|  |TAMS 0x0000000088300000| PB 0x0000000088300000| Untracked 
|  54|0x0000000088400000, 0x0000000088400000, 0x0000000088500000|  0%| F|  |TAMS 0x0000000088400000| PB 0x0000000088400000| Untracked 
|  55|0x0000000088500000, 0x0000000088500000, 0x0000000088600000|  0%| F|  |TAMS 0x0000000088500000| PB 0x0000000088500000| Untracked 
|  56|0x0000000088600000, 0x0000000088600000, 0x0000000088700000|  0%| F|  |TAMS 0x0000000088600000| PB 0x0000000088600000| Untracked 
|  57|0x0000000088700000, 0x0000000088700000, 0x0000000088800000|  0%| F|  |TAMS 0x0000000088700000| PB 0x0000000088700000| Untracked 
|  58|0x0000000088800000, 0x0000000088800000, 0x0000000088900000|  0%| F|  |TAMS 0x0000000088800000| PB 0x0000000088800000| Untracked 
|  59|0x0000000088900000, 0x0000000088900000, 0x0000000088a00000|  0%| F|  |TAMS 0x0000000088900000| PB 0x0000000088900000| Untracked 
|  60|0x0000000088a00000, 0x0000000088a00000, 0x0000000088b00000|  0%| F|  |TAMS 0x0000000088a00000| PB 0x0000000088a00000| Untracked 
|  61|0x0000000088b00000, 0x0000000088b00000, 0x0000000088c00000|  0%| F|  |TAMS 0x0000000088b00000| PB 0x0000000088b00000| Untracked 
|  62|0x0000000088c00000, 0x0000000088c00000, 0x0000000088d00000|  0%| F|  |TAMS 0x0000000088c00000| PB 0x0000000088c00000| Untracked 
|  63|0x0000000088d00000, 0x0000000088d00000, 0x0000000088e00000|  0%| F|  |TAMS 0x0000000088d00000| PB 0x0000000088d00000| Untracked 
|  64|0x0000000088e00000, 0x0000000088e00000, 0x0000000088f00000|  0%| F|  |TAMS 0x0000000088e00000| PB 0x0000000088e00000| Untracked 
|  65|0x0000000088f00000, 0x0000000088f00000, 0x0000000089000000|  0%| F|  |TAMS 0x0000000088f00000| PB 0x0000000088f00000| Untracked 
|  66|0x0000000089000000, 0x0000000089000000, 0x0000000089100000|  0%| F|  |TAMS 0x0000000089000000| PB 0x0000000089000000| Untracked 
|  67|0x0000000089100000, 0x0000000089100000, 0x0000000089200000|  0%| F|  |TAMS 0x0000000089100000| PB 0x0000000089100000| Untracked 
|  68|0x0000000089200000, 0x0000000089200000, 0x0000000089300000|  0%| F|  |TAMS 0x0000000089200000| PB 0x0000000089200000| Untracked 
|  69|0x0000000089300000, 0x0000000089300000, 0x0000000089400000|  0%| F|  |TAMS 0x0000000089300000| PB 0x0000000089300000| Untracked 
|  70|0x0000000089400000, 0x0000000089400000, 0x0000000089500000|  0%| F|  |TAMS 0x0000000089400000| PB 0x0000000089400000| Untracked 
|  71|0x0000000089500000, 0x0000000089500000, 0x0000000089600000|  0%| F|  |TAMS 0x0000000089500000| PB 0x0000000089500000| Untracked 
|  72|0x0000000089600000, 0x0000000089600000, 0x0000000089700000|  0%| F|  |TAMS 0x0000000089600000| PB 0x0000000089600000| Untracked 
|  73|0x0000000089700000, 0x0000000089700000, 0x0000000089800000|  0%| F|  |TAMS 0x0000000089700000| PB 0x0000000089700000| Untracked 
|  74|0x0000000089800000, 0x0000000089800000, 0x0000000089900000|  0%| F|  |TAMS 0x0000000089800000| PB 0x0000000089800000| Untracked 
|  75|0x0000000089900000, 0x0000000089900000, 0x0000000089a00000|  0%| F|  |TAMS 0x0000000089900000| PB 0x0000000089900000| Untracked 
|  76|0x0000000089a00000, 0x0000000089a00000, 0x0000000089b00000|  0%| F|  |TAMS 0x0000000089a00000| PB 0x0000000089a00000| Untracked 
|  77|0x0000000089b00000, 0x0000000089b00000, 0x0000000089c00000|  0%| F|  |TAMS 0x0000000089b00000| PB 0x0000000089b00000| Untracked 
|  78|0x0000000089c00000, 0x0000000089c00000, 0x0000000089d00000|  0%| F|  |TAMS 0x0000000089c00000| PB 0x0000000089c00000| Untracked 
|  79|0x0000000089d00000, 0x0000000089d00000, 0x0000000089e00000|  0%| F|  |TAMS 0x0000000089d00000| PB 0x0000000089d00000| Untracked 
|  80|0x0000000089e00000, 0x0000000089e00000, 0x0000000089f00000|  0%| F|  |TAMS 0x0000000089e00000| PB 0x0000000089e00000| Untracked 
|  81|0x0000000089f00000, 0x0000000089f00000, 0x000000008a000000|  0%| F|  |TAMS 0x0000000089f00000| PB 0x0000000089f00000| Untracked 
|  82|0x000000008a000000, 0x000000008a000000, 0x000000008a100000|  0%| F|  |TAMS 0x000000008a000000| PB 0x000000008a000000| Untracked 
|  83|0x000000008a100000, 0x000000008a100000, 0x000000008a200000|  0%| F|  |TAMS 0x000000008a100000| PB 0x000000008a100000| Untracked 
|  84|0x000000008a200000, 0x000000008a200000, 0x000000008a300000|  0%| F|  |TAMS 0x000000008a200000| PB 0x000000008a200000| Untracked 
|  85|0x000000008a300000, 0x000000008a300000, 0x000000008a400000|  0%| F|  |TAMS 0x000000008a300000| PB 0x000000008a300000| Untracked 
|  86|0x000000008a400000, 0x000000008a400000, 0x000000008a500000|  0%| F|  |TAMS 0x000000008a400000| PB 0x000000008a400000| Untracked 
|  87|0x000000008a500000, 0x000000008a500000, 0x000000008a600000|  0%| F|  |TAMS 0x000000008a500000| PB 0x000000008a500000| Untracked 
|  88|0x000000008a600000, 0x000000008a600000, 0x000000008a700000|  0%| F|  |TAMS 0x000000008a600000| PB 0x000000008a600000| Untracked 
|  89|0x000000008a700000, 0x000000008a700000, 0x000000008a800000|  0%| F|  |TAMS 0x000000008a700000| PB 0x000000008a700000| Untracked 
|  90|0x000000008a800000, 0x000000008a800000, 0x000000008a900000|  0%| F|  |TAMS 0x000000008a800000| PB 0x000000008a800000| Untracked 
|  91|0x000000008a900000, 0x000000008a900000, 0x000000008aa00000|  0%| F|  |TAMS 0x000000008a900000| PB 0x000000008a900000| Untracked 
|  92|0x000000008aa00000, 0x000000008aa00000, 0x000000008ab00000|  0%| F|  |TAMS 0x000000008aa00000| PB 0x000000008aa00000| Untracked 
|  93|0x000000008ab00000, 0x000000008ab00000, 0x000000008ac00000|  0%| F|  |TAMS 0x000000008ab00000| PB 0x000000008ab00000| Untracked 
|  94|0x000000008ac00000, 0x000000008ac00000, 0x000000008ad00000|  0%| F|  |TAMS 0x000000008ac00000| PB 0x000000008ac00000| Untracked 
|  95|0x000000008ad00000, 0x000000008ad00000, 0x000000008ae00000|  0%| F|  |TAMS 0x000000008ad00000| PB 0x000000008ad00000| Untracked 
|  96|0x000000008ae00000, 0x000000008ae00000, 0x000000008af00000|  0%| F|  |TAMS 0x000000008ae00000| PB 0x000000008ae00000| Untracked 
|  97|0x000000008af00000, 0x000000008af00000, 0x000000008b000000|  0%| F|  |TAMS 0x000000008af00000| PB 0x000000008af00000| Untracked 
|  98|0x000000008b000000, 0x000000008b000000, 0x000000008b100000|  0%| F|  |TAMS 0x000000008b000000| PB 0x000000008b000000| Untracked 
|  99|0x000000008b100000, 0x000000008b100000, 0x000000008b200000|  0%| F|  |TAMS 0x000000008b100000| PB 0x000000008b100000| Untracked 
| 100|0x000000008b200000, 0x000000008b200000, 0x000000008b300000|  0%| F|  |TAMS 0x000000008b200000| PB 0x000000008b200000| Untracked 
| 101|0x000000008b300000, 0x000000008b300000, 0x000000008b400000|  0%| F|  |TAMS 0x000000008b300000| PB 0x000000008b300000| Untracked 
| 102|0x000000008b400000, 0x000000008b400000, 0x000000008b500000|  0%| F|  |TAMS 0x000000008b400000| PB 0x000000008b400000| Untracked 
| 103|0x000000008b500000, 0x000000008b500000, 0x000000008b600000|  0%| F|  |TAMS 0x000000008b500000| PB 0x000000008b500000| Untracked 
| 104|0x000000008b600000, 0x000000008b600000, 0x000000008b700000|  0%| F|  |TAMS 0x000000008b600000| PB 0x000000008b600000| Untracked 
| 105|0x000000008b700000, 0x000000008b700000, 0x000000008b800000|  0%| F|  |TAMS 0x000000008b700000| PB 0x000000008b700000| Untracked 
| 106|0x000000008b800000, 0x000000008b800000, 0x000000008b900000|  0%| F|  |TAMS 0x000000008b800000| PB 0x000000008b800000| Untracked 
| 107|0x000000008b900000, 0x000000008b900000, 0x000000008ba00000|  0%| F|  |TAMS 0x000000008b900000| PB 0x000000008b900000| Untracked 
| 108|0x000000008ba00000, 0x000000008ba00000, 0x000000008bb00000|  0%| F|  |TAMS 0x000000008ba00000| PB 0x000000008ba00000| Untracked 
| 109|0x000000008bb00000, 0x000000008bb7d250, 0x000000008bc00000| 48%| E|  |TAMS 0x000000008bb00000| PB 0x000000008bb00000| Complete 
| 110|0x000000008bc00000, 0x000000008bd00000, 0x000000008bd00000|100%| E|CS|TAMS 0x000000008bc00000| PB 0x000000008bc00000| Complete 
| 111|0x000000008bd00000, 0x000000008be00000, 0x000000008be00000|100%| E|CS|TAMS 0x000000008bd00000| PB 0x000000008bd00000| Complete 
| 112|0x000000008be00000, 0x000000008bf00000, 0x000000008bf00000|100%| E|CS|TAMS 0x000000008be00000| PB 0x000000008be00000| Complete 
| 113|0x000000008bf00000, 0x000000008c000000, 0x000000008c000000|100%| E|CS|TAMS 0x000000008bf00000| PB 0x000000008bf00000| Complete 
| 114|0x000000008c000000, 0x000000008c100000, 0x000000008c100000|100%| E|CS|TAMS 0x000000008c000000| PB 0x000000008c000000| Complete 
| 115|0x000000008c100000, 0x000000008c200000, 0x000000008c200000|100%| E|CS|TAMS 0x000000008c100000| PB 0x000000008c100000| Complete 
| 116|0x000000008c200000, 0x000000008c300000, 0x000000008c300000|100%| E|CS|TAMS 0x000000008c200000| PB 0x000000008c200000| Complete 
| 117|0x000000008c300000, 0x000000008c400000, 0x000000008c400000|100%| E|CS|TAMS 0x000000008c300000| PB 0x000000008c300000| Complete 
| 118|0x000000008c400000, 0x000000008c500000, 0x000000008c500000|100%| E|CS|TAMS 0x000000008c400000| PB 0x000000008c400000| Complete 
| 119|0x000000008c500000, 0x000000008c600000, 0x000000008c600000|100%| E|CS|TAMS 0x000000008c500000| PB 0x000000008c500000| Complete 
| 120|0x000000008c600000, 0x000000008c700000, 0x000000008c700000|100%| E|CS|TAMS 0x000000008c600000| PB 0x000000008c600000| Complete 
| 121|0x000000008c700000, 0x000000008c800000, 0x000000008c800000|100%| E|CS|TAMS 0x000000008c700000| PB 0x000000008c700000| Complete 
| 122|0x000000008c800000, 0x000000008c900000, 0x000000008c900000|100%| E|CS|TAMS 0x000000008c800000| PB 0x000000008c800000| Complete 
| 123|0x000000008c900000, 0x000000008ca00000, 0x000000008ca00000|100%| E|CS|TAMS 0x000000008c900000| PB 0x000000008c900000| Complete 

Card table byte_map: [0x0000024ac4720000,0x0000024ac4b00000] _byte_map_base: 0x0000024ac42f9000

Marking Bits: (CMBitMap*) 0x0000024aac951920
 Bits: [0x0000024ac4b00000, 0x0000024ac69c8000)

Polling page: 0x0000024aaaae0000

Metaspace:

Usage:
  Non-class:      3.21 MB used.
      Class:    408.22 KB used.
       Both:      3.61 MB used.

Virtual space:
  Non-class space:       64.00 MB reserved,       3.31 MB (  5%) committed,  1 nodes.
      Class space:        1.00 GB reserved,     448.00 KB ( <1%) committed,  1 nodes.
             Both:        1.06 GB reserved,       3.75 MB ( <1%) committed. 

Chunk freelists:
   Non-Class:  10.52 MB
       Class:  15.50 MB
        Both:  26.02 MB

MaxMetaspaceSize: unlimited
CompressedClassSpaceSize: 1.00 GB
Initial GC threshold: 21.00 MB
Current GC threshold: 21.00 MB
CDS: on
 - commit_granule_bytes: 65536.
 - commit_granule_words: 8192.
 - virtual_space_node_default_size: 8388608.
 - enlarge_chunks_in_place: 1.
 - use_allocation_guard: 0.


Internal statistics:

num_allocs_failed_limit: 0.
num_arena_births: 92.
num_arena_deaths: 0.
num_vsnodes_births: 2.
num_vsnodes_deaths: 0.
num_space_committed: 60.
num_space_uncommitted: 0.
num_chunks_returned_to_freelist: 0.
num_chunks_taken_from_freelist: 213.
num_chunk_merges: 0.
num_chunk_splits: 112.
num_chunks_enlarged: 50.
num_inconsistent_stats: 0.

CodeHeap 'non-profiled nmethods': size=120000Kb used=343Kb max_used=343Kb free=119656Kb
 bounds [0x0000024abcae0000, 0x0000024abcd50000, 0x0000024ac4010000]
CodeHeap 'profiled nmethods': size=120000Kb used=1174Kb max_used=1174Kb free=118825Kb
 bounds [0x0000024ab5010000, 0x0000024ab5280000, 0x0000024abc540000]
CodeHeap 'non-nmethods': size=5760Kb used=1292Kb max_used=1308Kb free=4467Kb
 bounds [0x0000024abc540000, 0x0000024abc7b0000, 0x0000024abcae0000]
CodeCache: size=245760Kb, used=2809Kb, max_used=2825Kb, free=242948Kb
 total_blobs=1247, nmethods=789, adapters=363, full_count=0
Compilation: enabled, stopped_count=0, restarted_count=0

Compilation events (20 events):
Event: 0.904 Thread 0x0000024ac942a640  768       3       java.util.Properties::loadConvert (540 bytes)
Event: 0.906 Thread 0x0000024ac942a640 nmethod 768 0x0000024ab512dd90 code [0x0000024ab512e080, 0x0000024ab512f328]
Event: 0.907 Thread 0x0000024ac942a640  769       3       java.lang.invoke.MemberName::getName (25 bytes)
Event: 0.907 Thread 0x0000024ac942a640 nmethod 769 0x0000024ab512f990 code [0x0000024ab512fb60, 0x0000024ab512feb0]
Event: 0.907 Thread 0x0000024ac942a640  772       3       java.util.Properties$LineReader::readLine (584 bytes)
Event: 0.910 Thread 0x0000024ac961e2a0  775       4       java.lang.String::isEmpty (14 bytes)
Event: 0.911 Thread 0x0000024ac942a640 nmethod 772 0x0000024ab512ff90 code [0x0000024ab5130380, 0x0000024ab5132c78]
Event: 0.912 Thread 0x0000024ac942a640  774       3       org.springframework.util.StringUtils::hasLength (17 bytes)
Event: 0.912 Thread 0x0000024ac961e2a0 nmethod 775 0x0000024abcb30810 code [0x0000024abcb309a0, 0x0000024abcb30a50]
Event: 0.912 Thread 0x0000024ac942a640 nmethod 774 0x0000024ab5133990 code [0x0000024ab5133b40, 0x0000024ab5133d70]
Event: 0.913 Thread 0x0000024ac942a640  773       3       java.util.Arrays::copyOf (10 bytes)
Event: 0.913 Thread 0x0000024ac942a640 nmethod 773 0x0000024ab5133e90 code [0x0000024ab5134040, 0x0000024ab5134190]
Event: 0.914 Thread 0x0000024ac942a640  777       3       java.lang.invoke.MethodHandle::<init> (37 bytes)
Event: 0.914 Thread 0x0000024ac942a640 nmethod 777 0x0000024ab5134290 code [0x0000024ab51344a0, 0x0000024ab5134a10]
Event: 0.914 Thread 0x0000024ac942a640  778       3       java.lang.invoke.LambdaForm::prepare (108 bytes)
Event: 0.915 Thread 0x0000024ac942a640 nmethod 778 0x0000024ab5134c90 code [0x0000024ab5134ee0, 0x0000024ab51356a8]
Event: 0.917 Thread 0x0000024ac9425560 nmethod 764 0x0000024abcb30e10 code [0x0000024abcb310e0, 0x0000024abcb31cd0]
Event: 0.918 Thread 0x0000024ac9425560  779       4       java.lang.AbstractStringBuilder::newCapacity (59 bytes)
Event: 0.919 Thread 0x0000024ac9425560 nmethod 779 0x0000024abcb32490 code [0x0000024abcb32620, 0x0000024abcb32738]
Event: 0.925 Thread 0x0000024ac942a640  780       3       java.net.URLStreamHandler::parseURL (1124 bytes)

GC Heap History (0 events):
No events

Dll operation events (6 events):
Event: 0.020 Loaded shared library C:\Program Files\Eclipse Adoptium\jdk-21.0.11.10-hotspot\bin\java.dll
Event: 0.074 Loaded shared library C:\Program Files\Eclipse Adoptium\jdk-21.0.11.10-hotspot\bin\jsvml.dll
Event: 0.228 Loaded shared library C:\Program Files\Eclipse Adoptium\jdk-21.0.11.10-hotspot\bin\net.dll
Event: 0.233 Loaded shared library C:\Program Files\Eclipse Adoptium\jdk-21.0.11.10-hotspot\bin\nio.dll
Event: 0.239 Loaded shared library C:\Program Files\Eclipse Adoptium\jdk-21.0.11.10-hotspot\bin\zip.dll
Event: 0.497 Loaded shared library C:\Program Files\Eclipse Adoptium\jdk-21.0.11.10-hotspot\bin\jimage.dll

Deoptimization events (20 events):
Event: 0.509 Thread 0x0000024aaa69d8b0 DEOPT PACKING pc=0x0000024abcaefe90 sp=0x00000074e26fda20
Event: 0.509 Thread 0x0000024aaa69d8b0 DEOPT UNPACKING pc=0x0000024abc594422 sp=0x00000074e26fd9a8 mode 2
Event: 0.514 Thread 0x0000024aaa69d8b0 DEOPT PACKING pc=0x0000024ab5037dda sp=0x00000074e26fcdb0
Event: 0.514 Thread 0x0000024aaa69d8b0 DEOPT UNPACKING pc=0x0000024abc594bc2 sp=0x00000074e26fc240 mode 0
Event: 0.516 Thread 0x0000024aaa69d8b0 DEOPT PACKING pc=0x0000024ab5037dda sp=0x00000074e26f9780
Event: 0.516 Thread 0x0000024aaa69d8b0 DEOPT UNPACKING pc=0x0000024abc594bc2 sp=0x00000074e26f8c10 mode 0
Event: 0.604 Thread 0x0000024aaa69d8b0 Uncommon trap: trap_request=0xffffff6e fr.pc=0x0000024abcafeba0 relative=0x0000000000000180
Event: 0.604 Thread 0x0000024aaa69d8b0 Uncommon trap: reason=loop_limit_check action=maybe_recompile pc=0x0000024abcafeba0 method=java.lang.StringLatin1.lastIndexOf([BII)I @ 19 c2
Event: 0.604 Thread 0x0000024aaa69d8b0 DEOPT PACKING pc=0x0000024abcafeba0 sp=0x00000074e26fcb90
Event: 0.604 Thread 0x0000024aaa69d8b0 DEOPT UNPACKING pc=0x0000024abc594422 sp=0x00000074e26fcb10 mode 2
Event: 0.612 Thread 0x0000024aaa69d8b0 DEOPT PACKING pc=0x0000024ab506eac5 sp=0x00000074e26fcbf0
Event: 0.612 Thread 0x0000024aaa69d8b0 DEOPT UNPACKING pc=0x0000024abc594bc2 sp=0x00000074e26fc068 mode 0
Event: 0.694 Thread 0x0000024aaa69d8b0 Uncommon trap: trap_request=0xffffff6e fr.pc=0x0000024abcb08dc4 relative=0x0000000000000404
Event: 0.694 Thread 0x0000024aaa69d8b0 Uncommon trap: reason=loop_limit_check action=maybe_recompile pc=0x0000024abcb08dc4 method=java.lang.StringLatin1.indexOf([BI[BII)I @ 37 c2
Event: 0.694 Thread 0x0000024aaa69d8b0 DEOPT PACKING pc=0x0000024abcb08dc4 sp=0x00000074e26fdad0
Event: 0.694 Thread 0x0000024aaa69d8b0 DEOPT UNPACKING pc=0x0000024abc594422 sp=0x00000074e26fda30 mode 2
Event: 0.806 Thread 0x0000024aaa69d8b0 DEOPT PACKING pc=0x0000024ab5058b43 sp=0x00000074e26fdd90
Event: 0.806 Thread 0x0000024aaa69d8b0 DEOPT UNPACKING pc=0x0000024abc594bc2 sp=0x00000074e26fd208 mode 0
Event: 0.836 Thread 0x0000024aaa69d8b0 DEOPT PACKING pc=0x0000024ab50bc72a sp=0x00000074e26f9dc0
Event: 0.836 Thread 0x0000024aaa69d8b0 DEOPT UNPACKING pc=0x0000024abc594bc2 sp=0x00000074e26f9258 mode 0

Classes loaded (20 events):
Event: 0.912 Loading class java/util/stream/DistinctOps$1
Event: 0.912 Loading class java/util/stream/ReferencePipeline$StatefulOp
Event: 0.912 Loading class java/util/stream/ReferencePipeline$StatefulOp done
Event: 0.912 Loading class java/util/stream/DistinctOps$1 done
Event: 0.913 Loading class java/util/ImmutableCollections$Access
Event: 0.913 Loading class java/util/ImmutableCollections$Access done
Event: 0.913 Loading class java/util/ImmutableCollections$Access$1
Event: 0.913 Loading class jdk/internal/access/JavaUtilCollectionAccess
Event: 0.913 Loading class jdk/internal/access/JavaUtilCollectionAccess done
Event: 0.913 Loading class java/util/ImmutableCollections$Access$1 done
Event: 0.914 Loading class java/util/stream/Nodes$SpinedNodeBuilder
Event: 0.914 Loading class java/util/stream/SpinedBuffer
Event: 0.914 Loading class java/util/stream/AbstractSpinedBuffer
Event: 0.914 Loading class java/util/stream/AbstractSpinedBuffer done
Event: 0.914 Loading class java/util/stream/SpinedBuffer done
Event: 0.914 Loading class java/util/stream/Nodes$SpinedNodeBuilder done
Event: 0.915 Loading class java/util/stream/DistinctOps$1$2
Event: 0.915 Loading class java/util/stream/DistinctOps$1$2 done
Event: 0.932 Loading class java/lang/reflect/UndeclaredThrowableException
Event: 0.932 Loading class java/lang/reflect/UndeclaredThrowableException done

Classes unloaded (0 events):
No events

Classes redefined (0 events):
No events

Internal exceptions (6 events):
Event: 0.611 Thread 0x0000024aaa69d8b0 Exception <a 'java/lang/ClassNotFoundException'{0x000000008c18c570}: javax/smartcardio/CardPermission> (0x000000008c18c570) 
thrown [s\src\hotspot\share\classfile\systemDictionary.cpp, line 313]
Event: 0.617 Thread 0x0000024aaa69d8b0 Exception <a 'java/io/FileNotFoundException'{0x000000008c19b308}> (0x000000008c19b308) 
thrown [s\src\hotspot\share\prims\jni.cpp, line 520]
Event: 0.680 Thread 0x0000024aaa69d8b0 Exception <a 'java/lang/NoSuchMethodError'{0x000000008c0281f8}: 'java.lang.Object java.lang.invoke.DirectMethodHandle$Holder.invokeSpecial(java.lang.Object, java.lang.Object, java.lang.Object, long, java.lang.Object)'> (0x000000008c0281f8) 
thrown [s\src\hotspot\share\interpreter\linkResolver.cpp, line 773]
Event: 0.680 Thread 0x0000024aaa69d8b0 Exception <a 'java/lang/NoSuchMethodError'{0x000000008c02bb68}: 'java.lang.Object java.lang.invoke.Invokers$Holder.linkToTargetMethod(java.lang.Object, long, java.lang.Object, java.lang.Object)'> (0x000000008c02bb68) 
thrown [s\src\hotspot\share\interpreter\linkResolver.cpp, line 773]
Event: 0.859 Thread 0x0000024aaa69d8b0 Exception <a 'java/lang/NoSuchMethodError'{0x000000008be439d8}: 'void java.lang.invoke.DirectMethodHandle$Holder.invokeStatic(java.lang.Object, java.lang.Object, java.lang.Object, java.lang.Object)'> (0x000000008be439d8) 
thrown [s\src\hotspot\share\interpreter\linkResolver.cpp, line 773]
Event: 0.933 Thread 0x0000024aaa69d8b0 Exception <a 'java/lang/NoSuchMethodError'{0x000000008bd61138}: 'int java.lang.invoke.DirectMethodHandle$Holder.invokeStaticInit(java.lang.Object, java.lang.Object)'> (0x000000008bd61138) 
thrown [s\src\hotspot\share\interpreter\linkResolver.cpp, line 773]

ZGC Phase Switch (0 events):
No events

VM Operations (4 events):
Event: 0.248 Executing non-safepoint VM operation: HandshakeAllThreads (Deoptimize)
Event: 0.249 Executing non-safepoint VM operation: HandshakeAllThreads (Deoptimize) done
Event: 0.509 Executing non-safepoint VM operation: HandshakeAllThreads (Deoptimize)
Event: 0.509 Executing non-safepoint VM operation: HandshakeAllThreads (Deoptimize) done

Memory protections (0 events):
No events

Nmethod flushes (0 events):
No events

Events (12 events):
Event: 0.043 Thread 0x0000024aaa69d8b0 Thread added: 0x0000024aaa69d8b0
Event: 0.068 Thread 0x0000024aaa69d8b0 Thread added: 0x0000024ac940ee90
Event: 0.068 Thread 0x0000024aaa69d8b0 Thread added: 0x0000024ac9412d10
Event: 0.069 Thread 0x0000024aaa69d8b0 Thread added: 0x0000024ac9416530
Event: 0.069 Thread 0x0000024aaa69d8b0 Thread added: 0x0000024ac9419870
Event: 0.069 Thread 0x0000024aaa69d8b0 Thread added: 0x0000024ac941c280
Event: 0.069 Thread 0x0000024aaa69d8b0 Thread added: 0x0000024ac941e1d0
Event: 0.070 Thread 0x0000024aaa69d8b0 Thread added: 0x0000024ac9425560
Event: 0.070 Thread 0x0000024aaa69d8b0 Thread added: 0x0000024ac942a640
Event: 0.211 Thread 0x0000024aaa69d8b0 Thread added: 0x0000024ac956ea20
Event: 0.218 Thread 0x0000024aaa69d8b0 Thread added: 0x0000024ac9577e40
Event: 0.300 Thread 0x0000024ac942a640 Thread added: 0x0000024ac961e2a0


Dynamic libraries:
0x00007ff6a9fc0000 - 0x00007ff6a9fce000 	C:\Program Files\Eclipse Adoptium\jdk-21.0.11.10-hotspot\bin\java.exe
0x00007ff951d40000 - 0x00007ff951fa6000 	C:\WINDOWS\SYSTEM32\ntdll.dll
0x00007ff91e490000 - 0x00007ff91e4b1000 	C:\Program Files\Norton\Suite\aswhook.dll
0x00007ff950120000 - 0x00007ff9501e9000 	C:\WINDOWS\System32\KERNEL32.DLL
0x00007ff94f3b0000 - 0x00007ff94f7aa000 	C:\WINDOWS\System32\KERNELBASE.dll
0x00007ff94f1b0000 - 0x00007ff94f2fc000 	C:\WINDOWS\System32\ucrtbase.dll
0x00007ff942600000 - 0x00007ff942618000 	C:\Program Files\Eclipse Adoptium\jdk-21.0.11.10-hotspot\bin\jli.dll
0x00007ff945890000 - 0x00007ff9458ae000 	C:\Program Files\Eclipse Adoptium\jdk-21.0.11.10-hotspot\bin\VCRUNTIME140.dll
0x00007ff94fab0000 - 0x00007ff94fc77000 	C:\WINDOWS\System32\USER32.dll
0x00007ff94f900000 - 0x00007ff94f927000 	C:\WINDOWS\System32\win32u.dll
0x00007ff930e00000 - 0x00007ff931092000 	C:\WINDOWS\WinSxS\amd64_microsoft.windows.common-controls_6595b64144ccf1df_6.0.26100.8521_none_3e08b75ce33403b3\COMCTL32.dll
0x00007ff94ffc0000 - 0x00007ff94ffeb000 	C:\WINDOWS\System32\GDI32.dll
0x00007ff950870000 - 0x00007ff950919000 	C:\WINDOWS\System32\msvcrt.dll
0x00007ff94efd0000 - 0x00007ff94f0fb000 	C:\WINDOWS\System32\gdi32full.dll
0x00007ff94f300000 - 0x00007ff94f3a3000 	C:\WINDOWS\System32\msvcp_win.dll
0x00007ff950920000 - 0x00007ff950952000 	C:\WINDOWS\System32\IMM32.DLL
0x00007ff94ba00000 - 0x00007ff94ba0c000 	C:\Program Files\Eclipse Adoptium\jdk-21.0.11.10-hotspot\bin\vcruntime140_1.dll
0x00007ff92aef0000 - 0x00007ff92af7d000 	C:\Program Files\Eclipse Adoptium\jdk-21.0.11.10-hotspot\bin\msvcp140.dll
0x00007ff87d860000 - 0x00007ff87e602000 	C:\Program Files\Eclipse Adoptium\jdk-21.0.11.10-hotspot\bin\server\jvm.dll
0x00007ff950b00000 - 0x00007ff950bb6000 	C:\WINDOWS\System32\ADVAPI32.dll
0x00007ff9501f0000 - 0x00007ff95029a000 	C:\WINDOWS\System32\sechost.dll
0x00007ff950000000 - 0x00007ff950118000 	C:\WINDOWS\System32\RPCRT4.dll
0x00007ff9509f0000 - 0x00007ff950a70000 	C:\WINDOWS\System32\WS2_32.dll
0x00007ff94ee50000 - 0x00007ff94eeae000 	C:\WINDOWS\SYSTEM32\POWRPROF.dll
0x00007ff948050000 - 0x00007ff94805b000 	C:\WINDOWS\SYSTEM32\VERSION.dll
0x00007ff947fd0000 - 0x00007ff948006000 	C:\WINDOWS\SYSTEM32\WINMM.dll
0x00007ff94ee30000 - 0x00007ff94ee44000 	C:\WINDOWS\SYSTEM32\UMPDC.dll
0x00007ff94dd60000 - 0x00007ff94dd7b000 	C:\WINDOWS\SYSTEM32\kernel.appcore.dll
0x00007ff94b3a0000 - 0x00007ff94b3aa000 	C:\Program Files\Eclipse Adoptium\jdk-21.0.11.10-hotspot\bin\jimage.dll
0x00007ff94c8f0000 - 0x00007ff94cb32000 	C:\WINDOWS\SYSTEM32\DBGHELP.DLL
0x00007ff951350000 - 0x00007ff9516d3000 	C:\WINDOWS\System32\combase.dll
0x00007ff9506a0000 - 0x00007ff950779000 	C:\WINDOWS\System32\OLEAUT32.dll
0x00007ff942870000 - 0x00007ff9428ab000 	C:\WINDOWS\SYSTEM32\dbgcore.DLL
0x00007ff94f100000 - 0x00007ff94f1a8000 	C:\WINDOWS\System32\bcryptPrimitives.dll
0x00007ff937c80000 - 0x00007ff937ca0000 	C:\Program Files\Eclipse Adoptium\jdk-21.0.11.10-hotspot\bin\java.dll
0x00007ff950bc0000 - 0x00007ff951344000 	C:\WINDOWS\System32\SHELL32.dll
0x00007ff94cb80000 - 0x00007ff94d400000 	C:\WINDOWS\SYSTEM32\windows.storage.dll
0x00007ff951770000 - 0x00007ff951866000 	C:\WINDOWS\System32\SHCORE.dll
0x00007ff94ff50000 - 0x00007ff94ffb7000 	C:\WINDOWS\System32\shlwapi.dll
0x00007ff94eef0000 - 0x00007ff94ef19000 	C:\WINDOWS\SYSTEM32\profapi.dll
0x00007ff9292b0000 - 0x00007ff929387000 	C:\Program Files\Eclipse Adoptium\jdk-21.0.11.10-hotspot\bin\jsvml.dll
0x00007ff949930000 - 0x00007ff949940000 	C:\Program Files\Eclipse Adoptium\jdk-21.0.11.10-hotspot\bin\net.dll
0x00007ff945460000 - 0x00007ff945589000 	C:\WINDOWS\SYSTEM32\WINHTTP.dll
0x00007ff94e2d0000 - 0x00007ff94e33c000 	C:\WINDOWS\system32\mswsock.dll
0x00007ff937c60000 - 0x00007ff937c76000 	C:\Program Files\Eclipse Adoptium\jdk-21.0.11.10-hotspot\bin\nio.dll
0x00007ff937c40000 - 0x00007ff937c58000 	C:\Program Files\Eclipse Adoptium\jdk-21.0.11.10-hotspot\bin\zip.dll

JVMTI agents: none

dbghelp: loaded successfully - version: 4.0.5 - missing functions: none
symbol engine: initialized successfully - sym options: 0x614 - pdb path: .;C:\Program Files\Eclipse Adoptium\jdk-21.0.11.10-hotspot\bin;C:\WINDOWS\SYSTEM32;C:\Program Files\Norton\Suite;C:\WINDOWS\WinSxS\amd64_microsoft.windows.common-controls_6595b64144ccf1df_6.0.26100.8521_none_3e08b75ce33403b3;C:\Program Files\Eclipse Adoptium\jdk-21.0.11.10-hotspot\bin\server

VM Arguments:
jvm_args: -XX:+ShowCodeDetailsInExceptionMessages 
java_command: com.PayMyBuddy.pay_my_buddy.PayMyBuddyApplication
java_class_path (initial): D:\OPENCLASSROOM\DEVELLOPPEMENT APPLICATION JAVA\P6 - Concevez une application web Java de A à Z\PayMyBuddy\pay-my-buddy\pay-my-buddy\target\classes;C:\Users\amapa\.m2\repository\org\springframework\boot\spring-boot-starter-web\3.3.5\spring-boot-starter-web-3.3.5.jar;C:\Users\amapa\.m2\repository\org\springframework\boot\spring-boot-starter\3.3.5\spring-boot-starter-3.3.5.jar;C:\Users\amapa\.m2\repository\org\springframework\boot\spring-boot\3.3.5\spring-boot-3.3.5.jar;C:\Users\amapa\.m2\repository\org\springframework\boot\spring-boot-autoconfigure\3.3.5\spring-boot-autoconfigure-3.3.5.jar;C:\Users\amapa\.m2\repository\org\springframework\boot\spring-boot-starter-logging\3.3.5\spring-boot-starter-logging-3.3.5.jar;C:\Users\amapa\.m2\repository\ch\qos\logback\logback-classic\1.5.11\logback-classic-1.5.11.jar;C:\Users\amapa\.m2\repository\ch\qos\logback\logback-core\1.5.11\logback-core-1.5.11.jar;C:\Users\amapa\.m2\repository\org\apache\logging\log4j\log4j-to-slf4j\2.23.1\log4j-to-slf4j-2.23.1.jar;C:\Users\amapa\.m2\repository\org\apache\logging\log4j\log4j-api\2.23.1\log4j-api-2.23.1.jar;C:\Users\amapa\.m2\repository\org\slf4j\jul-to-slf4j\2.0.16\jul-to-slf4j-2.0.16.jar;C:\Users\amapa\.m2\repository\jakarta\annotation\jakarta.annotation-api\2.1.1\jakarta.annotation-api-2.1.1.jar;C:\Users\amapa\.m2\repository\org\yaml\snakeyaml\2.2\snakeyaml-2.2.jar;C:\Users\amapa\.m2\repository\org\springframework\boot\spring-boot-starter-json\3.3.5\spring-boot-starter-json-3.3.5.jar;C:\Users\amapa\.m2\repository\com\fasterxml\jackson\core\jackson-databind\2.17.2\jackson-databind-2.17.2.jar;C:\Users\amapa\.m2\repository\com\fasterxml\jackson\core\jackson-annotations\2.17.2\jackson-annotations-2.17.2.jar;C:\Users\amapa\.m2\repository\com\fasterxml\jackson\core\jackson-core\2.17.2\jackson-core-2.17.2.jar;C:\Users\amapa\.m2\repository\com\fasterxml\jackson\datatype\jackson-datatype-jdk8\2.17.2\jackson-datatype-jdk8-2.17.2.jar;C:\Users\amapa\.m2\repository\com\fasterxml\jackson\datatype\jackson-datatype-jsr310\2.17.2\jackson-datatype-jsr310-2.17.2.jar;C:\Users\amapa\.m2\repository\com\fasterxml\jackson\module\jackson-module-parameter-names\2.17.2\jackson-module-parameter-names-2.17.2.jar;C:\Users\amapa\.m2\repository\org\springframework\boot\spring-boot-starter-tomcat\3.3.5\spring-boot-starter-tomcat-3.3.5.jar;C:\Users\amapa\.m2\repository\org\apache\tomcat\embed\tomcat-embed-core\10.1.31\tomcat-embed-core-10.1.31.jar;C:\Users\amapa\.m2\repository\org\apache\tomcat\embed\tomcat-embed-el\10.1.31\tomcat-embed-el-10.1.31.jar;C:\Users\amapa\.m2\repository\org\apache\tomcat\embed\tomcat-embed-websocket\10.1.31\tomcat-embed-websocket-10.1.31.jar;C:\Users\amapa\.m2\repository\org\springframework\spring-web\6.1.14\spring-web-6.1.14.jar;C:\Users\amapa\.m2\repository\org\springframework\spring-beans\6.1.14\spring-beans-6.1.14.jar;C:\Users\amapa\.m2\repository\io\micrometer\micrometer-observation\1.13.6\micrometer-observation-1.13.6.jar;C:\Users\amapa\.m2\repository\io\micrometer\micrometer-commons\1.13.6\micrometer-commons-1.13.6.jar;C:\Users\amapa\.m2\repository\org\springframework\spring-webmvc\6.1.14\spring-webmvc-6.1.14.jar;C:\Users\amapa\.m2\repository\org\springframework\spring-context\6.1.14\spring-context-6.1.14.jar;C:\Users\amapa\.m2\repository\org\springframework\spring-expression\6.1.14\spring-expression-6.1.14.jar;C:\Users\amapa\.m2\repository\org\springframework\boot\spring-boot-starter-thymeleaf\3.3.5\spring-boot-starter-thymeleaf-3.3.5.jar;C:\Users\amapa\.m2\repository\org\thymeleaf\thymeleaf-spring6\3.1.2.RELEASE\thymeleaf-spring6-3.1.2.RELEASE.jar;C:\Users\amapa\.m2\repository\org\thymeleaf\thymeleaf\3.1.2.RELEASE\thymeleaf-3.1.2.RELEASE.jar;C:\Users\amapa\.m2\repository\org\attoparser\attoparser\2.0.7.RELEASE\attoparser-2.0.7.RELEASE.jar;C:\Users\amapa\.m2\repository\org\unbescape\unbescape\1.1.6.RELEASE\unbescape-1.1.6.RELEASE.jar;C:\Users\amapa\.m2\repository\org\slf4j\slf4j-api\2.0.16\slf4j-api-2.0.16.jar;C:\Users\amapa\.m2\repository\org\springframework\boot\spring-boot-starter-security\3.3.5\spring-boot-starter-security-3.3.5.jar;C:\Users\amapa\.m2\repository\org\springframework\spring-aop\6.1.14\spring-aop-6.1.14.jar;C:\Users\amapa\.m2\repository\org\springframework\security\spring-security-config\6.3.4\spring-security-config-6.3.4.jar;C:\Users\amapa\.m2\repository\org\springframework\security\spring-security-web\6.3.4\spring-security-web-6.3.4.jar;C:\Users\amapa\.m2\repository\org\springframework\boot\spring-boot-starter-data-jpa\3.3.5\spring-boot-starter-data-jpa-3.3.5.jar;C:\Users\amapa\.m2\repository\org\springframework\boot\spring-boot-starter-aop\3.3.5\spring-boot-starter-aop-3.3.5.jar;C:\Users\amapa\.m2\repository\org\aspectj\aspectjweaver\1.9.22.1\aspectjweaver-1.9.22.1.jar;C:\Users\amapa\.m2\repository\org\springframework\boot\spring-boot-starter-jdbc\3.3.5\spring-boot-starter-jdbc-3.3.5.jar;C:\Users\amapa\.m2\repository\com\zaxxer\HikariCP\5.1.0\HikariCP-5.1.0.jar;C:\Users\amapa\.m2\repository\org\springframework\spring-jdbc\6.1.14\spring-jdbc-6.1.14.jar;C:\Users\amapa\.m2\repository\org\hibernate\orm\hibernate-core\6.5.3.Final\hibernate-core-6.5.3.Final.jar;C:\Users\amapa\.m2\repository\jakarta\persistence\jakarta.persistence-api\3.1.0\jakarta.persistence-api-3.1.0.jar;C:\Users\amapa\.m2\repository\jakarta\transaction\jakarta.transaction-api\2.0.1\jakarta.transaction-api-2.0.1.jar;C:\Users\amapa\.m2\repository\org\jboss\logging\jboss-logging\3.5.3.Final\jboss-logging-3.5.3.Final.jar;C:\Users\amapa\.m2\repository\org\hibernate\common\hibernate-commons-annotations\6.0.6.Final\hibernate-commons-annotations-6.0.6.Final.jar;C:\Users\amapa\.m2\repository\io\smallrye\jandex\3.1.2\jandex-3.1.2.jar;C:\Users\amapa\.m2\repository\com\fasterxml\classmate\1.7.0\classmate-1.7.0.jar;C:\Users\amapa\.m2\repository\net\bytebuddy\byte-buddy\1.14.19\byte-buddy-1.14.19.jar;C:\Users\amapa\.m2\repository\org\glassfish\jaxb\jaxb-runtime\4.0.5\jaxb-runtime-4.0.5.jar;C:\Users\amapa\.m2\repository\org\glassfish\jaxb\jaxb-core\4.0.5\jaxb-core-4.0.5.jar;C:\Users\amapa\.m2\repository\org\eclipse\angus\angus-activation\2.0.2\angus-activation-2.0.2.jar;C:\Users\amapa\.m2\repository\org\glassfish\jaxb\txw2\4.0.5\txw2-4.0.5.jar;C:\Users\amapa\.m2\repository\com\sun\istack\istack-commons-runtime\4.1.2\istack-commons-runtime-4.1.2.jar;C:\Users\amapa\.m2\repository\jakarta\inject\jakarta.inject-api\2.0.1\jakarta.inject-api-2.0.1.jar;C:\Users\amapa\.m2\repository\org\antlr\antlr4-runtime\4.13.0\antlr4-runtime-4.13.0.jar;C:\Users\amapa\.m2\repository\org\springframework\data\spring-data-jpa\3.3.5\spring-data-jpa-3.3.5.jar;C:\Users\amapa\.m2\repository\org\springframework\data\spring-data-commons\3.3.5\spring-data-commons-3.3.5.jar;C:\Users\amapa\.m2\repository\org\springframework\spring-orm\6.1.14\spring-orm-6.1.14.jar;C:\Users\amapa\.m2\repository\org\springframework\spring-tx\6.1.14\spring-tx-6.1.14.jar;C:\Users\amapa\.m2\repository\org\springframework\spring-aspects\6.1.14\spring-aspects-6.1.14.jar;C:\Users\amapa\.m2\repository\com\mysql\mysql-connector-j\8.3.0\mysql-connector-j-8.3.0.jar;C:\Users\amapa\.m2\repository\com\h2database\h2\2.2.224\h2-2.2.224.jar;C:\Users\amapa\.m2\repository\org\projectlombok\lombok\1.18.34\lombok-1.18.34.jar;C:\Users\amapa\.m2\repository\jakarta\xml\bind\jakarta.xml.bind-api\4.0.2\jakarta.xml.bind-api-4.0.2.jar;C:\Users\amapa\.m2\repository\jakarta\activation\jakarta.activation-api\2.1.3\jakarta.activation-api-2.1.3.jar;C:\Users\amapa\.m2\repository\org\springframework\spring-core\6.1.14\spring-core-6.1.14.jar;C:\Users\amapa\.m2\repository\org\springframework\spring-jcl\6.1.14\spring-jcl-6.1.14.jar;C:\Users\amapa\.m2\repository\org\springframework\security\spring-security-core\6.3.4\spring-security-core-6.3.4.jar;C:\Users\amapa\.m2\repository\org\springframework\security\spring-security-crypto\6.3.4\spring-security-crypto-6.3.4.jar
Launcher Type: SUN_STANDARD

[Global flags]
     intx CICompilerCount                          = 4                                         {product} {ergonomic}
     uint ConcGCThreads                            = 2                                         {product} {ergonomic}
     uint G1ConcRefinementThreads                  = 8                                         {product} {ergonomic}
   size_t G1HeapRegionSize                         = 1048576                                   {product} {ergonomic}
    uintx GCDrainStackTargetSize                   = 64                                        {product} {ergonomic}
   size_t InitialHeapSize                          = 130023424                                 {product} {ergonomic}
   size_t MarkStackSize                            = 4194304                                   {product} {ergonomic}
   size_t MaxHeapSize                              = 2065694720                                {product} {ergonomic}
   size_t MaxNewSize                               = 1239416832                                {product} {ergonomic}
   size_t MinHeapDeltaBytes                        = 1048576                                   {product} {ergonomic}
   size_t MinHeapSize                              = 8388608                                   {product} {ergonomic}
    uintx NonNMethodCodeHeapSize                   = 5839372                                {pd product} {ergonomic}
    uintx NonProfiledCodeHeapSize                  = 122909434                              {pd product} {ergonomic}
    uintx ProfiledCodeHeapSize                     = 122909434                              {pd product} {ergonomic}
    uintx ReservedCodeCacheSize                    = 251658240                              {pd product} {ergonomic}
     bool SegmentedCodeCache                       = true                                      {product} {ergonomic}
     bool ShowCodeDetailsInExceptionMessages       = true                                   {manageable} {command line}
   size_t SoftMaxHeapSize                          = 2065694720                             {manageable} {ergonomic}
     bool UseCompressedOops                        = true                           {product lp64_product} {ergonomic}
     bool UseG1GC                                  = true                                      {product} {ergonomic}
     bool UseLargePagesIndividualAllocation        = false                                  {pd product} {ergonomic}

Logging:
Log output configuration:
 #0: stdout all=warning uptime,level,tags foldmultilines=false
 #1: stderr all=off uptime,level,tags foldmultilines=false

Release file:
IMPLEMENTOR="Eclipse Adoptium" 
IMPLEMENTOR_VERSION="Temurin-21.0.11+10" 
JAVA_RUNTIME_VERSION="21.0.11+10-LTS" 
JAVA_VERSION="21.0.11" 
JAVA_VERSION_DATE="2026-04-21" 
LIBC="default" 
MODULES="java.base java.compiler java.datatransfer java.xml java.prefs java.desktop java.instrument java.logging java.management java.security.sasl java.naming java.rmi java.management.rmi java.net.http java.scripting java.security.jgss java.transaction.xa java.sql java.sql.rowset java.xml.crypto java.se java.smartcardio jdk.accessibility jdk.internal.jvmstat jdk.attach jdk.charsets jdk.internal.opt jdk.zipfs jdk.compiler jdk.crypto.ec jdk.crypto.cryptoki jdk.crypto.mscapi jdk.dynalink jdk.internal.ed jdk.editpad jdk.hotspot.agent jdk.httpserver jdk.incubator.vector jdk.internal.le jdk.internal.vm.ci jdk.internal.vm.compiler jdk.internal.vm.compiler.management jdk.jartool jdk.javadoc jdk.jcmd jdk.management jdk.management.agent jdk.jconsole jdk.jdeps jdk.jdwp.agent jdk.jdi jdk.jfr jdk.jlink jdk.jpackage jdk.jshell jdk.jsobject jdk.jstatd jdk.localedata jdk.management.jfr jdk.naming.dns jdk.naming.rmi jdk.net jdk.nio.mapmode jdk.random jdk.sctp jdk.security.auth jdk.security.jgss jdk.unsupported jdk.unsupported.desktop jdk.xml.dom" 
OS_ARCH="x86_64" 
OS_NAME="Windows" 
SOURCE=".:git:254494ad7d75" 
BUILD_SOURCE="git:a612825ee82a20ac872d60958c349854c1f29a8e"
BUILD_SOURCE_REPO="https://github.com/adoptium/temurin-build.git"
SOURCE_REPO="https://github.com/adoptium/jdk21u.git"
FULL_VERSION="21.0.11+10-LTS"
SEMANTIC_VERSION="21.0.11+10"
BUILD_INFO="OS: Windows Server 2022 Version: 10.0"
JVM_VARIANT="Hotspot"
JVM_VERSION="21.0.11+10-LTS"
IMAGE_TYPE="JDK"

Environment Variables:
PATH=C:\Program Files\Eclipse Adoptium\jdk-21.0.11.10-hotspot\bin;C:\Program Files\Common Files\Oracle\Java\javapath;C:\WINDOWS\system32;C:\WINDOWS;C:\WINDOWS\System32\Wbem;C:\WINDOWS\System32\WindowsPowerShell\v1.0\;C:\WINDOWS\System32\OpenSSH\;C:\Program Files\Microsoft SQL Server\150\Tools\Binn\;C:\Program Files\Microsoft SQL Server\Client SDK\ODBC\170\Tools\Binn\;C:\Program Files\dotnet\;C:\Program Files\nodejs\;C:\apache-maven-3.9.9-bin\apache-maven-3.9.9\bin;C:\Program Files\Git\cmd;C:\Users\amapa\AppData\Local\Programs\Python\Python313\Scripts\;C:\Users\amapa\AppData\Local\Programs\Python\Python313\;C:\Program Files\MySQL\MySQL Shell 8.0\bin\;C:\Users\amapa\AppData\Local\Microsoft\WindowsApps;C:\Users\amapa\AppData\Local\Programs\Microsoft VS Code\bin;C:\Users\amapa\.dotnet\tools;C:\Users\amapa\AppData\Local\GitHubDesktop\bin;C:\Users\amapa\AppData\Roaming\npm;c:\Users\amapa\.vscode\extensions\vscjava.vscode-java-debug-0.59.0\bundled\scripts\noConfigScripts
USERNAME=amapa
LANG=fr_FR.UTF-8
OS=Windows_NT
PROCESSOR_IDENTIFIER=AMD64 Family 23 Model 24 Stepping 1, AuthenticAMD
TMP=C:\Users\amapa\AppData\Local\Temp
TEMP=C:\Users\amapa\AppData\Local\Temp




Periodic native trim disabled

---------------  S Y S T E M  ---------------

OS:
 Windows 11 , 64 bit Build 26100 (10.0.26100.8521)
OS uptime: 2 days 17:41 hours
Hyper-V role detected

CPU: total 8 (initial active 8) (8 cores per cpu, 2 threads per core) family 23 model 24 stepping 1 microcode 0x8108109, cx8, cmov, fxsr, ht, mmx, 3dnowpref, sse, sse2, sse3, ssse3, sse4a, sse4.1, sse4.2, popcnt, lzcnt, tsc, tscinvbit, avx, avx2, aes, clmul, bmi1, bmi2, adx, sha, fma, vzeroupper, clflush, clflushopt, hv, rdtscp, f16c
Processor Information for the first 8 processors :
  Max Mhz: 2100, Current Mhz: 2100, Mhz Limit: 2100

Memory: 4k page, system-wide physical 7872M (808M free)
TotalPageFile size 17118M (AvailPageFile size 0M)
current process WorkingSet (physical memory assigned to process): 67M, peak: 67M
current process commit charge ("private bytes"): 218M, peak: 218M

vm_info: OpenJDK 64-Bit Server VM (21.0.11+10-LTS) for windows-amd64 JRE (21.0.11+10-LTS), built on 2026-04-21T00:00:00Z by "admin" with MS VC++ 17.12 (VS2022)

END.
